#
# There is insufficient memory for the Java Runtime Environment to continue.
# Native memory allocation (mmap) failed to map 268435456 bytes for G1 virtual space
# Possible reasons:
#   The system is out of physical RAM or swap space
#   The process is running with CompressedOops enabled, and the Java Heap may be blocking the growth of the native heap
# Possible solutions:
#   Reduce memory load on the system
#   Increase physical memory or swap space
#   Check if swap backing store is full
#   Decrease Java heap size (-Xmx/-Xms)
#   Decrease number of Java threads
#   Decrease Java thread stack sizes (-Xss)
#   Set larger code cache with -XX:ReservedCodeCacheSize=
#   JVM is running with Zero Based Compressed Oops mode in which the Java heap is
#     placed in the first 32GB address space. The Java Heap base address is the
#     maximum limit for the native heap growth. Please use -XX:HeapBaseMinAddress
#     to set the Java Heap base and to place the Java Heap above 32GB virtual address.
# This output file may be truncated or incomplete.
#
#  Out of Memory Error (os_windows.cpp:3548), pid=19328, tid=8648
#
# JRE version:  (17.0.12+8) (build )
# Java VM: Java HotSpot(TM) 64-Bit Server VM (17.0.12+8-LTS-286, mixed mode, sharing, tiered, compressed oops, compressed class ptrs, g1 gc, windows-amd64)
# No core dump will be written. Minidumps are not enabled by default on client versions of Windows
#

---------------  S U M M A R Y ------------

Command Line: --enable-native-access=ALL-UNNAMED 

Host: Intel(R) Core(TM) i7-7700HQ CPU @ 2.80GHz, 8 cores, 15G,  Windows 10 , 64 bit Build 19041 (10.0.19041.5915)
Time: Wed Sep 30 17:46:18 2026 SE Asia Standard Time elapsed time: 0.010362 seconds (0d 0h 0m 0s)

---------------  T H R E A D  ---------------

Current thread (0x00000292b1a57d00):  JavaThread "Unknown thread" [_thread_in_vm, id=8648, stack(0x000000d8d5900000,0x000000d8d5a00000)]

Stack: [0x000000d8d5900000,0x000000d8d5a00000]
Native frames: (J=compiled Java code, j=interpreted, Vv=VM code, C=native code)
V  [jvm.dll+0x67a04a]
V  [jvm.dll+0x7da4ed]
V  [jvm.dll+0x7dbe33]
V  [jvm.dll+0x7dc4a3]
V  [jvm.dll+0x24508f]
V  [jvm.dll+0x677089]
V  [jvm.dll+0x66bd32]
V  [jvm.dll+0x301fa6]
V  [jvm.dll+0x309546]
V  [jvm.dll+0x359d2e]
V  [jvm.dll+0x359f5f]
V  [jvm.dll+0x2d9078]
V  [jvm.dll+0x2d9fe4]
V  [jvm.dll+0x7aca21]
V  [jvm.dll+0x367591]
V  [jvm.dll+0x78b999]
V  [jvm.dll+0x3ec83f]
V  [jvm.dll+0x3ee471]
C  [jli.dll+0x5297]
C  [ucrtbase.dll+0x21bb2]
C  [KERNEL32.DLL+0x17374]
C  [ntdll.dll+0x4cc91]


---------------  P R O C E S S  ---------------

Threads class SMR info:
_java_thread_list=0x00007ff938927a18, length=0, elements={
}

Java Threads: ( => current thread )

Other Threads:
  0x00000292b1ac6130 GCTaskThread "GC Thread#0" [stack: 0x000000d8d5a00000,0x000000d8d5b00000] [id=12676]
  0x00000292b1ad6ec0 ConcurrentGCThread "G1 Main Marker" [stack: 0x000000d8d5b00000,0x000000d8d5c00000] [id=23216]
  0x00000292b1ad8070 ConcurrentGCThread "G1 Conc#0" [stack: 0x000000d8d5c00000,0x000000d8d5d00000] [id=23284]

[error occurred during error reporting (printing all threads), id 0xc0000005, EXCEPTION_ACCESS_VIOLATION (0xc0000005) at pc=0x00007ff938159b67]

VM state: not at safepoint (not fully initialized)

VM Mutex/Monitor currently owned by a thread:  ([mutex/lock_event])
[0x00000292b1a54610] Heap_lock - owner thread: 0x00000292b1a57d00

Heap address: 0x0000000701c00000, size: 4068 MB, Compressed Oops mode: Zero based, Oop shift amount: 3

CDS archive(s) mapped at: [0x0000000000000000-0x0000000000000000-0x0000000000000000), size 0, SharedBaseAddress: 0x0000000800000000, ArchiveRelocationMode: 1.
Narrow klass base: 0x0000000000000000, Narrow klass shift: 0, Narrow klass range: 0x0

GC Precious Log:
<Empty>

Heap:
 garbage-first heap   total 0K, used 0K [0x0000000701c00000, 0x0000000800000000)
  region size 2048K, 0 young (0K), 0 survivors (0K)

[error occurred during error reporting (printing heap information), id 0xc0000005, EXCEPTION_ACCESS_VIOLATION (0xc0000005) at pc=0x00007ff938543859]

GC Heap History (0 events):
No events

Deoptimization events (0 events):
No events

Classes unloaded (0 events):
No events

Classes redefined (0 events):
No events

Internal exceptions (0 events):
No events

VM Operations (0 events):
No events

Events (1 events):
Event: 0.006 Loaded shared library C:\Program Files\Java\jdk-17.0.12\bin\java.dll


Dynamic libraries:
0x00007ff7a35a0000 - 0x00007ff7a35b0000 	C:\Program Files\Java\jdk-17.0.12\bin\java.exe
0x00007ff9b94d0000 - 0x00007ff9b96c8000 	C:\WINDOWS\SYSTEM32\ntdll.dll
0x00007ff9b74f0000 - 0x00007ff9b75b2000 	C:\WINDOWS\System32\KERNEL32.DLL
0x00007ff9b6cc0000 - 0x00007ff9b6fb6000 	C:\WINDOWS\System32\KERNELBASE.dll
0x00007ff9b7050000 - 0x00007ff9b7150000 	C:\WINDOWS\System32\ucrtbase.dll
0x00007ff99bd90000 - 0x00007ff99bdab000 	C:\Program Files\Java\jdk-17.0.12\bin\VCRUNTIME140.dll
0x00007ff994270000 - 0x00007ff994289000 	C:\Program Files\Java\jdk-17.0.12\bin\jli.dll
0x00007ff9b7c60000 - 0x00007ff9b7d11000 	C:\WINDOWS\System32\ADVAPI32.dll
0x00007ff9b8460000 - 0x00007ff9b84fe000 	C:\WINDOWS\System32\msvcrt.dll
0x00007ff9b83c0000 - 0x00007ff9b845f000 	C:\WINDOWS\System32\sechost.dll
0x00007ff9b8920000 - 0x00007ff9b8a43000 	C:\WINDOWS\System32\RPCRT4.dll
0x00007ff9b6c90000 - 0x00007ff9b6cb7000 	C:\WINDOWS\System32\bcrypt.dll
0x00007ff9b8220000 - 0x00007ff9b83bd000 	C:\WINDOWS\System32\USER32.dll
0x00007ff9b71f0000 - 0x00007ff9b7212000 	C:\WINDOWS\System32\win32u.dll
0x00007ff99e4d0000 - 0x00007ff99e76a000 	C:\WINDOWS\WinSxS\amd64_microsoft.windows.common-controls_6595b64144ccf1df_6.0.19041.5915_none_60b4b9d171f9c7c7\COMCTL32.dll
0x00007ff9b7c30000 - 0x00007ff9b7c5b000 	C:\WINDOWS\System32\GDI32.dll
0x00007ff9b73d0000 - 0x00007ff9b74e9000 	C:\WINDOWS\System32\gdi32full.dll
0x00007ff9b7150000 - 0x00007ff9b71ed000 	C:\WINDOWS\System32\msvcp_win.dll
0x00007ff9afbf0000 - 0x00007ff9afbfa000 	C:\WINDOWS\SYSTEM32\VERSION.dll
0x00007ff9b7a30000 - 0x00007ff9b7a5f000 	C:\WINDOWS\System32\IMM32.DLL
0x00007ff9b0d00000 - 0x00007ff9b0d0c000 	C:\Program Files\Java\jdk-17.0.12\bin\vcruntime140_1.dll
0x00007ff976720000 - 0x00007ff9767ae000 	C:\Program Files\Java\jdk-17.0.12\bin\msvcp140.dll
0x00007ff937e70000 - 0x00007ff938a50000 	C:\Program Files\Java\jdk-17.0.12\bin\server\jvm.dll
0x00007ff9b86e0000 - 0x00007ff9b86e8000 	C:\WINDOWS\System32\PSAPI.DLL
0x00007ff9973d0000 - 0x00007ff9973d9000 	C:\WINDOWS\SYSTEM32\WSOCK32.dll
0x00007ff9a63d0000 - 0x00007ff9a63f7000 	C:\WINDOWS\SYSTEM32\WINMM.dll
0x00007ff9b7e50000 - 0x00007ff9b7ebb000 	C:\WINDOWS\System32\WS2_32.dll
0x00007ff9b5380000 - 0x00007ff9b5392000 	C:\WINDOWS\SYSTEM32\kernel.appcore.dll
0x00007ff9afeb0000 - 0x00007ff9afeba000 	C:\Program Files\Java\jdk-17.0.12\bin\jimage.dll
0x00007ff9b5030000 - 0x00007ff9b5231000 	C:\WINDOWS\SYSTEM32\DBGHELP.DLL
0x00007ff97f010000 - 0x00007ff97f044000 	C:\WINDOWS\SYSTEM32\dbgcore.DLL
0x00007ff9b6fc0000 - 0x00007ff9b7042000 	C:\WINDOWS\System32\bcryptPrimitives.dll
0x00007ff99b9b0000 - 0x00007ff99b9d5000 	C:\Program Files\Java\jdk-17.0.12\bin\java.dll

dbghelp: loaded successfully - version: 4.0.5 - missing functions: none
symbol engine: initialized successfully - sym options: 0x614 - pdb path: .;C:\Program Files\Java\jdk-17.0.12\bin;C:\WINDOWS\SYSTEM32;C:\WINDOWS\WinSxS\amd64_microsoft.windows.common-controls_6595b64144ccf1df_6.0.19041.5915_none_60b4b9d171f9c7c7;C:\Program Files\Java\jdk-17.0.12\bin\server

VM Arguments:
jvm_args: --enable-native-access=ALL-UNNAMED 
java_command: <unknown>
java_class_path (initial): <not set>
Launcher Type: SUN_STANDARD

[Global flags]
     intx CICompilerCount                          = 4                                         {product} {ergonomic}
     uint ConcGCThreads                            = 2                                         {product} {ergonomic}
     uint G1ConcRefinementThreads                  = 8                                         {product} {ergonomic}
   size_t G1HeapRegionSize                         = 2097152                                   {product} {ergonomic}
    uintx GCDrainStackTargetSize                   = 64                                        {product} {ergonomic}
   size_t InitialHeapSize                          = 268435456                                 {product} {ergonomic}
   size_t MarkStackSize                            = 4194304                                   {product} {ergonomic}
   size_t MaxHeapSize                              = 4265607168                                {product} {ergonomic}
   size_t MinHeapDeltaBytes                        = 2097152                                   {product} {ergonomic}
   size_t MinHeapSize                              = 8388608                                   {product} {ergonomic}
    uintx NonNMethodCodeHeapSize                   = 5839372                                {pd product} {ergonomic}
    uintx NonProfiledCodeHeapSize                  = 122909434                              {pd product} {ergonomic}
    uintx ProfiledCodeHeapSize                     = 122909434                              {pd product} {ergonomic}
    uintx ReservedCodeCacheSize                    = 251658240                              {pd product} {ergonomic}
     bool SegmentedCodeCache                       = true                                      {product} {ergonomic}
   size_t SoftMaxHeapSize                          = 4265607168                             {manageable} {ergonomic}
     bool UseCompressedClassPointers               = true                           {product lp64_product} {ergonomic}
     bool UseCompressedOops                        = true                           {product lp64_product} {ergonomic}
     bool UseG1GC                                  = true                                      {product} {ergonomic}
     bool UseLargePagesIndividualAllocation        = false                                  {pd product} {ergonomic}

Logging:
Log output configuration:
 #0: stdout all=warning uptime,level,tags
 #1: stderr all=off uptime,level,tags

Environment Variables:
JAVA_HOME=C:\Program Files\Java\jdk-17.0.12
PATH=E:\21c\dbhomeXE\bin;C:\Python310\Scripts\;C:\Python310\;C:\Windows\system32;C:\Windows;C:\Windows\System32\Wbem;C:\Windows\System32\WindowsPowerShell\v1.0\;C:\Windows\System32\OpenSSH\;C:\Program Files\Git\cmd;C:\platform-tools;C:\Program Files\Java\jdk-17.0.12\bin;C:\Program Files\gradle-5.6.2\bin;C:\xampp\php;C:\ProgramData\ComposerSetup\bin;C:\Program Files\PuTTY\;C:\ProgramData\chocolatey\bin;C:\Program Files\Microsoft SQL Server\Client SDK\ODBC\170\Tools\Binn\;C:\Program Files (x86)\Microsoft SQL Server\150\Tools\Binn\;C:\Program Files\Microsoft SQL Server\150\Tools\Binn\;C:\Program Files\Microsoft SQL Server\150\DTS\Binn\;C:\Program Files (x86)\Microsoft SQL Server\150\DTS\Binn\;C:\Program Files\Azure Data Studio\bin;C:\Program Files\dotnet\;C:\Program Files\Microsoft SQL Server\130\Tools\Binn\;C:\Program Files\Docker\Docker\resources\bin;C:\ProgramData\DockerDesktop\version-bin;C:\Program Files\nodejs\;C:\Program Files\NVIDIA Corporation\NVIDIA app\NvDLISR;C:\Program Files (x86)\NVIDIA Corporation\PhysX\Common;C:\WINDOWS\system32;C:\WINDOWS;C:\WINDOWS\System32\Wbem;C:\WINDOWS\System32\WindowsPowerShell\v1.0\;C:\WINDOWS\System32\OpenSSH\;C:\Users\riyan\AppData\Local\Microsoft\WindowsApps;C:\Users\riyan\AppData\Roaming\Composer\vendor\bin;C:\Users\riyan\AppData\Local\Programs\Microsoft VS Code\bin;C:\Users\riyan\AppData\Local\GitHubDesktop\bin;C:\Program Files\heroku\bin;C:\Program Files\Azure Data Studio\bin;C:\Program Files\Mono\bin;C:\Users\riyan\.dotnet\tools;C:\Users\riyan\AppData\Roaming\npm;C:\Python310;c:\Users\riyan\.vscode\extensions\vscjava.vscode-java-debug-0.59.0\bundled\scripts\noConfigScripts
USERNAME=riyan
LANG=en_US.UTF-8
OS=Windows_NT
PROCESSOR_IDENTIFIER=Intel64 Family 6 Model 158 Stepping 9, GenuineIntel



---------------  S Y S T E M  ---------------

OS:
 Windows 10 , 64 bit Build 19041 (10.0.19041.5915)
OS uptime: 1 days 6:47 hours

CPU: total 8 (initial active 8) (4 cores per cpu, 2 threads per core) family 6 model 158 stepping 9 microcode 0xb4, cx8, cmov, fxsr, ht, mmx, 3dnowpref, sse, sse2, sse3, ssse3, sse4.1, sse4.2, popcnt, lzcnt, tsc, tscinvbit, avx, avx2, aes, erms, clmul, bmi1, bmi2, adx, fma, vzeroupper, clflush, clflushopt

Memory: 4k page, system-wide physical 16269M (2951M free)
TotalPageFile size 21278M (AvailPageFile size 235M)
current process WorkingSet (physical memory assigned to process): 10M, peak: 10M
current process commit charge ("private bytes"): 60M, peak: 316M

vm_info: Java HotSpot(TM) 64-Bit Server VM (17.0.12+8-LTS-286) for windows-amd64 JRE (17.0.12+8-LTS-286), built on Jun  5 2024 06:46:59 by "mach5one" with MS VC++ 17.6 (VS2022)

END.
